// Jest Snapshot v1, https://goo.gl/fbAQLP

exports[`CreatePostContainer #render 1`] = `
<div
  className="page-container"
>
  <div
    className="page-content"
  >
    <div
      className="content-wrapper"
    >
      <div
        className="panel panel-flat "
      >
        <div
          className="panel-body panel-post"
        >
          this is create post container
        </div>
      </div>
    </div>
  </div>
</div>
`;
